---
source: tests/jobs_ytdlp_fixtures.rs
expression: r
---
{
  "kind": "video",
  "url": "https://www.youtube.com/watch?v=YE7VzlLtp-4",
  "id": "YE7VzlLtp-4",
  "title": "Big Buck Bunny",
  "uploader": "Blender",
  "duration": 597.0,
  "thumbnail": "https://i.ytimg.com/vi/YE7VzlLtp-4/maxresdefault.jpg",
  "extractor": "youtube",
  "formats": [
    {
      "formatId": "139-drc",
      "ext": "m4a",
      "height": null,
      "fps": null,
      "vcodec": null,
      "acodec": "mp4a.40.5",
      "abr": 48.794,
      "filesize": 3638947,
      "note": "low, DRC"
    },
    {
      "formatId": "249-drc",
      "ext": "webm",
      "height": null,
      "fps": null,
      "vcodec": null,
      "acodec": "opus",
      "abr": 50.992,
      "filesize": 3802123,
      "note": "low, DRC"
    },
    {
      "formatId": "250-drc",
      "ext": "webm",
      "height": null,
      "fps": null,
      "vcodec": null,
      "acodec": "opus",
      "abr": 67.158,
      "filesize": 5007495,
      "note": "low, DRC"
    },
    {
      "formatId": "139",
      "ext": "m4a",
      "height": null,
      "fps": null,
      "vcodec": null,
      "acodec": "mp4a.40.5",
      "abr": 48.794,
      "filesize": 3638963,
      "note": "low"
    },
    {
      "formatId": "249",
      "ext": "webm",
      "height": null,
      "fps": null,
      "vcodec": null,
      "acodec": "opus",
      "abr": 50.596,
      "filesize": 3772641,
      "note": "low"
    },
    {
      "formatId": "250",
      "ext": "webm",
      "height": null,
      "fps": null,
      "vcodec": null,
      "acodec": "opus",
      "abr": 66.592,
      "filesize": 4965339,
      "note": "low"
    },
    {
      "formatId": "140-drc",
      "ext": "m4a",
      "height": null,
      "fps": null,
      "vcodec": null,
      "acodec": "mp4a.40.2",
      "abr": 129.49,
      "filesize": 9655429,
      "note": "medium, DRC"
    },
    {
      "formatId": "251-drc",
      "ext": "webm",
      "height": null,
      "fps": null,
      "vcodec": null,
      "acodec": "opus",
      "abr": 131.462,
      "filesize": 9802222,
      "note": "medium, DRC"
    },
    {
      "formatId": "140",
      "ext": "m4a",
      "height": null,
      "fps": null,
      "vcodec": null,
      "acodec": "mp4a.40.2",
      "abr": 129.488,
      "filesize": 9655276,
      "note": "medium"
    },
    {
      "formatId": "251",
      "ext": "webm",
      "height": null,
      "fps": null,
      "vcodec": null,
      "acodec": "opus",
      "abr": 130.501,
      "filesize": 9730538,
      "note": "medium"
    },
    {
      "formatId": "602",
      "ext": "mp4",
      "height": 144,
      "fps": 12.0,
      "vcodec": "vp09.00.10.08",
      "acodec": null,
      "abr": null,
      "filesize": null,
      "note": null
    },
    {
      "formatId": "269",
      "ext": "mp4",
      "height": 144,
      "fps": 24.0,
      "vcodec": "avc1.4D400C",
      "acodec": null,
      "abr": null,
      "filesize": null,
      "note": null
    },
    {
      "formatId": "160",
      "ext": "mp4",
      "height": 144,
      "fps": 24.0,
      "vcodec": "avc1.4D400C",
      "acodec": null,
      "abr": null,
      "filesize": 3753637,
      "note": "144p"
    },
    {
      "formatId": "603",
      "ext": "mp4",
      "height": 144,
      "fps": 24.0,
      "vcodec": "vp09.00.11.08",
      "acodec": null,
      "abr": null,
      "filesize": null,
      "note": null
    },
    {
      "formatId": "278",
      "ext": "webm",
      "height": 144,
      "fps": 24.0,
      "vcodec": "vp9",
      "acodec": null,
      "abr": null,
      "filesize": 5084478,
      "note": "144p"
    },
    {
      "formatId": "394",
      "ext": "mp4",
      "height": 144,
      "fps": 24.0,
      "vcodec": "av01.0.00M.08",
      "acodec": null,
      "abr": null,
      "filesize": 3941532,
      "note": "144p"
    },
    {
      "formatId": "229",
      "ext": "mp4",
      "height": 240,
      "fps": 24.0,
      "vcodec": "avc1.4D4015",
      "acodec": null,
      "abr": null,
      "filesize": null,
      "note": null
    },
    {
      "formatId": "133",
      "ext": "mp4",
      "height": 240,
      "fps": 24.0,
      "vcodec": "avc1.4D4015",
      "acodec": null,
      "abr": null,
      "filesize": 8035165,
      "note": "240p"
    },
    {
      "formatId": "604",
      "ext": "mp4",
      "height": 240,
      "fps": 24.0,
      "vcodec": "vp09.00.20.08",
      "acodec": null,
      "abr": null,
      "filesize": null,
      "note": null
    },
    {
      "formatId": "242",
      "ext": "webm",
      "height": 240,
      "fps": 24.0,
      "vcodec": "vp9",
      "acodec": null,
      "abr": null,
      "filesize": 7216843,
      "note": "240p"
    },
    {
      "formatId": "395",
      "ext": "mp4",
      "height": 240,
      "fps": 24.0,
      "vcodec": "av01.0.00M.08",
      "acodec": null,
      "abr": null,
      "filesize": 6540562,
      "note": "240p"
    },
    {
      "formatId": "230",
      "ext": "mp4",
      "height": 360,
      "fps": 24.0,
      "vcodec": "avc1.4D401E",
      "acodec": null,
      "abr": null,
      "filesize": null,
      "note": null
    },
    {
      "formatId": "134",
      "ext": "mp4",
      "height": 360,
      "fps": 24.0,
      "vcodec": "avc1.4D401E",
      "acodec": null,
      "abr": null,
      "filesize": 15709702,
      "note": "360p"
    },
    {
      "formatId": "605",
      "ext": "mp4",
      "height": 360,
      "fps": 24.0,
      "vcodec": "vp09.00.21.08",
      "acodec": null,
      "abr": null,
      "filesize": null,
      "note": null
    },
    {
      "formatId": "243",
      "ext": "webm",
      "height": 360,
      "fps": 24.0,
      "vcodec": "vp9",
      "acodec": null,
      "abr": null,
      "filesize": 16398215,
      "note": "360p"
    },
    {
      "formatId": "396",
      "ext": "mp4",
      "height": 360,
      "fps": 24.0,
      "vcodec": "av01.0.01M.08",
      "acodec": null,
      "abr": null,
      "filesize": 12110438,
      "note": "360p"
    },
    {
      "formatId": "231",
      "ext": "mp4",
      "height": 480,
      "fps": 24.0,
      "vcodec": "avc1.4D401E",
      "acodec": null,
      "abr": null,
      "filesize": null,
      "note": null
    },
    {
      "formatId": "135",
      "ext": "mp4",
      "height": 480,
      "fps": 24.0,
      "vcodec": "avc1.4D401E",
      "acodec": null,
      "abr": null,
      "filesize": 26286368,
      "note": "480p"
    },
    {
      "formatId": "606",
      "ext": "mp4",
      "height": 480,
      "fps": 24.0,
      "vcodec": "vp09.00.30.08",
      "acodec": null,
      "abr": null,
      "filesize": null,
      "note": null
    },
    {
      "formatId": "244",
      "ext": "webm",
      "height": 480,
      "fps": 24.0,
      "vcodec": "vp9",
      "acodec": null,
      "abr": null,
      "filesize": 23741322,
      "note": "480p"
    },
    {
      "formatId": "397",
      "ext": "mp4",
      "height": 480,
      "fps": 24.0,
      "vcodec": "av01.0.04M.08",
      "acodec": null,
      "abr": null,
      "filesize": 20213901,
      "note": "480p"
    },
    {
      "formatId": "232",
      "ext": "mp4",
      "height": 720,
      "fps": 24.0,
      "vcodec": "avc1.4D401F",
      "acodec": null,
      "abr": null,
      "filesize": null,
      "note": null
    },
    {
      "formatId": "136",
      "ext": "mp4",
      "height": 720,
      "fps": 24.0,
      "vcodec": "avc1.4D401F",
      "acodec": null,
      "abr": null,
      "filesize": 75024681,
      "note": "720p"
    },
    {
      "formatId": "609",
      "ext": "mp4",
      "height": 720,
      "fps": 24.0,
      "vcodec": "vp09.00.31.08",
      "acodec": null,
      "abr": null,
      "filesize": null,
      "note": null
    },
    {
      "formatId": "247",
      "ext": "webm",
      "height": 720,
      "fps": 24.0,
      "vcodec": "vp9",
      "acodec": null,
      "abr": null,
      "filesize": 45375423,
      "note": "720p"
    },
    {
      "formatId": "398",
      "ext": "mp4",
      "height": 720,
      "fps": 24.0,
      "vcodec": "av01.0.05M.08",
      "acodec": null,
      "abr": null,
      "filesize": 36533924,
      "note": "720p"
    },
    {
      "formatId": "248-sr",
      "ext": "webm",
      "height": 1080,
      "fps": 24.0,
      "vcodec": "vp9",
      "acodec": null,
      "abr": null,
      "filesize": 96718857,
      "note": "1080p, AI-upscaled"
    },
    {
      "formatId": "399-sr",
      "ext": "mp4",
      "height": 1080,
      "fps": 24.0,
      "vcodec": "av01.0.08M.08",
      "acodec": null,
      "abr": null,
      "filesize": 72320758,
      "note": "1080p, AI-upscaled"
    }
  ],
  "maxHeight": 1080,
  "entries": []
}
